checking package dependencies
compiling ./BF16.bsv
compiling ./BF16Sigmoid.bsv
code generation for mkBF16Sigmoid starts
Elaborated module file created: ppa/obj/mkBF16Sigmoid.ba
compiling ./BF16Sigmoid_SIMD.bsv
code generation for mkBF16Sigmoid_SIMD starts
Elaborated module file created: ppa/obj/mkBF16Sigmoid_SIMD.ba
compiling ./BF16Sigmoid_SIMD_AblationPPA.bsv
code generation for mkSigmoidAblation_r1 starts
Elaborated module file created: ppa/obj/mkSigmoidAblation_r1.ba
code generation for mkSigmoidAblation_r2 starts
Elaborated module file created: ppa/obj/mkSigmoidAblation_r2.ba
code generation for mkSigmoidAblation_r3 starts
Elaborated module file created: ppa/obj/mkSigmoidAblation_r3.ba
code generation for mkSigmoidAblation_r4 starts
Elaborated module file created: ppa/obj/mkSigmoidAblation_r4.ba
code generation for mkSigmoidAblation_r6 starts
Elaborated module file created: ppa/obj/mkSigmoidAblation_r6.ba
code generation for mkSigmoidAblation_r12 starts
Elaborated module file created: ppa/obj/mkSigmoidAblation_r12.ba
code generation for mkSigmoidAblation_r8 starts
Elaborated module file created: ppa/obj/mkSigmoidAblation_r8.ba
code generation for mkSigmoidAblation_r16 starts
Elaborated module file created: ppa/obj/mkSigmoidAblation_r16.ba
compiling Tb_BF16Sigmoid_SIMD_AblationPPA.bsv
code generation for mkTbSig_r1_n64 starts
Elaborated module file created: ppa/obj/mkTbSig_r1_n64.ba
code generation for mkTbSig_r2_n64 starts
Elaborated module file created: ppa/obj/mkTbSig_r2_n64.ba
code generation for mkTbSig_r3_n64 starts
Elaborated module file created: ppa/obj/mkTbSig_r3_n64.ba
code generation for mkTbSig_r4_n64 starts
Elaborated module file created: ppa/obj/mkTbSig_r4_n64.ba
code generation for mkTbSig_r6_n64 starts
Elaborated module file created: ppa/obj/mkTbSig_r6_n64.ba
code generation for mkTbSig_r12_n64 starts
Elaborated module file created: ppa/obj/mkTbSig_r12_n64.ba
code generation for mkTbSig_r4_n16 starts
Elaborated module file created: ppa/obj/mkTbSig_r4_n16.ba
code generation for mkTbSig_r4_n32 starts
Elaborated module file created: ppa/obj/mkTbSig_r4_n32.ba
code generation for mkTbSig_r4_n96 starts
Elaborated module file created: ppa/obj/mkTbSig_r4_n96.ba
code generation for mkTbSig_r4_n192 starts
Elaborated module file created: ppa/obj/mkTbSig_r4_n192.ba
code generation for mkTbSig_r8_n32 starts
Elaborated module file created: ppa/obj/mkTbSig_r8_n32.ba
code generation for mkTbSig_r8_n96 starts
Elaborated module file created: ppa/obj/mkTbSig_r8_n96.ba
code generation for mkTbSig_r2_n128 starts
Elaborated module file created: ppa/obj/mkTbSig_r2_n128.ba
code generation for mkTbSig_r6_n128 starts
Elaborated module file created: ppa/obj/mkTbSig_r6_n128.ba
code generation for mkTbSig_r16_n48 starts
Elaborated module file created: ppa/obj/mkTbSig_r16_n48.ba
All packages are up to date.
Bluesim object created: ppa/obj/mkTbSig_r1_n64.{h,o}
Bluesim object created: ppa/obj/mkSigmoidAblation_r1.{h,o}
Bluesim object created: ppa/obj/mkBF16Sigmoid_SIMD.{h,o}
Bluesim object created: ppa/obj/mkBF16Sigmoid.{h,o}
Bluesim object created: ppa/obj/model_mkTbSig_r1_n64.{h,o}
Simulation shared library created: ppa/sim_r1_n64.so
Simulation executable created: ppa/sim_r1_n64
