
################################################################
# CONFIG r4_n64  | r=4 lanes | n=64 (label only) | starting op 0
# op0: sig16 (hand-picked spectrum) golden tile, tiled mod 16, 192 columns x 4 lanes = 768 elements
# expected: 196 cycles for this op
################################################################
+---------------------------------------------------------------
| SPOT CHECK  op=0  elem=0   col=0  lane=0  cyc=5
|    x = 0000
|    sigmoid(x) = 3f04   <- golden reference (hardware model)
|    DUT result = 3f04   OK
+---------------------------------------------------------------
+---------------------------------------------------------------
| SPOT CHECK  op=0  elem=13   col=3  lane=1  cyc=8
|    x = 4120
|    sigmoid(x) = 3f80   <- golden reference (hardware model)
|    DUT result = 3f80   OK
+---------------------------------------------------------------
+---------------------------------------------------------------
| SPOT CHECK  op=0  elem=45   col=11  lane=1  cyc=16
|    x = 4120
|    sigmoid(x) = 3f80   <- golden reference (hardware model)
|    DUT result = 3f80   OK
+---------------------------------------------------------------
+---------------------------------------------------------------
| SPOT CHECK  op=0  elem=63   col=15  lane=3  cyc=20
|    x = 41a0
|    sigmoid(x) = 3f80   <- golden reference (hardware model)
|    DUT result = 3f80   OK
+---------------------------------------------------------------
+---------------------------------------------------------------
| SPOT CHECK  op=0  elem=64   col=16  lane=0  cyc=21
|    x = 0000
|    sigmoid(x) = 3f04   <- golden reference (hardware model)
|    DUT result = 3f04   OK
+---------------------------------------------------------------
+---------------------------------------------------------------
| SPOT CHECK  op=0  elem=130   col=32  lane=2  cyc=37
|    x = bdcc
|    sigmoid(x) = 3efb   <- golden reference (hardware model)
|    DUT result = 3efb   OK
+---------------------------------------------------------------
+---------------------------------------------------------------
| SPOT CHECK  op=0  elem=209   col=52  lane=1  cyc=57
|    x = 3dcc
|    sigmoid(x) = 3f06   <- golden reference (hardware model)
|    DUT result = 3f06   OK
+---------------------------------------------------------------
  [r4_n64 ] op=0 progress: 64/192 columns received (cyc=69, mismatches so far=0)
+---------------------------------------------------------------
| SPOT CHECK  op=0  elem=300   col=75  lane=0  cyc=80
|    x = c0a0
|    sigmoid(x) = 3c80   <- golden reference (hardware model)
|    DUT result = 3c80   OK
+---------------------------------------------------------------
+---------------------------------------------------------------
| SPOT CHECK  op=0  elem=411   col=102  lane=3  cyc=107
|    x = 40a0
|    sigmoid(x) = 3f74   <- golden reference (hardware model)
|    DUT result = 3f74   OK
+---------------------------------------------------------------
+---------------------------------------------------------------
| SPOT CHECK  op=0  elem=512   col=128  lane=0  cyc=133
|    x = 0000
|    sigmoid(x) = 3f04   <- golden reference (hardware model)
|    DUT result = 3f04   OK
+---------------------------------------------------------------
  [r4_n64 ] op=0 progress: 128/192 columns received (cyc=133, mismatches so far=0)
+---------------------------------------------------------------
| SPOT CHECK  op=0  elem=655   col=163  lane=3  cyc=168
|    x = 41a0
|    sigmoid(x) = 3f80   <- golden reference (hardware model)
|    DUT result = 3f80   OK
+---------------------------------------------------------------
+---------------------------------------------------------------
| SPOT CHECK  op=0  elem=767   col=191  lane=3  cyc=196
|    x = 41a0
|    sigmoid(x) = 3f80   <- golden reference (hardware model)
|    DUT result = 3f80   OK
+---------------------------------------------------------------
[cycle 196] op 0 complete in 196 cycles (expected 196) MATCH   (first input @0, first output @5): 0 mismatches out of 768
Sigmoid (r=4,n=64) op0: functional check PASS (768/768 elements)

################################################################
# CONFIG r4_n64  | r=4 lanes | n=64 (label only) | starting op 1
# op1: sig32 (lane-order coverage) golden tile, tiled mod 32, 192 columns x 4 lanes = 768 elements
# expected: 196 cycles for this op
################################################################
+---------------------------------------------------------------
| SPOT CHECK  op=1  elem=0   col=0  lane=0  cyc=202
|    x = c007
|    sigmoid(x) = 3df8   <- golden reference (hardware model)
|    DUT result = 3df8   OK
+---------------------------------------------------------------
+---------------------------------------------------------------
| SPOT CHECK  op=1  elem=13   col=3  lane=1  cyc=205
|    x = 407b
|    sigmoid(x) = 3f7e   <- golden reference (hardware model)
|    DUT result = 3f7e   OK
+---------------------------------------------------------------
+---------------------------------------------------------------
| SPOT CHECK  op=1  elem=45   col=11  lane=1  cyc=213
|    x = 407b
|    sigmoid(x) = 3f7e   <- golden reference (hardware model)
|    DUT result = 3f7e   OK
+---------------------------------------------------------------
+---------------------------------------------------------------
| SPOT CHECK  op=1  elem=63   col=15  lane=3  cyc=217
|    x = bfc3
|    sigmoid(x) = 3e3c   <- golden reference (hardware model)
|    DUT result = 3e3c   OK
+---------------------------------------------------------------
+---------------------------------------------------------------
| SPOT CHECK  op=1  elem=64   col=16  lane=0  cyc=218
|    x = c007
|    sigmoid(x) = 3df8   <- golden reference (hardware model)
|    DUT result = 3df8   OK
+---------------------------------------------------------------
+---------------------------------------------------------------
| SPOT CHECK  op=1  elem=130   col=32  lane=2  cyc=234
|    x = 3fe7
|    sigmoid(x) = 3f73   <- golden reference (hardware model)
|    DUT result = 3f73   OK
+---------------------------------------------------------------
+---------------------------------------------------------------
| SPOT CHECK  op=1  elem=209   col=52  lane=1  cyc=254
|    x = 40ab
|    sigmoid(x) = 3f75   <- golden reference (hardware model)
|    DUT result = 3f75   OK
+---------------------------------------------------------------
  [r4_n64 ] op=1 progress: 64/192 columns received (cyc=266, mismatches so far=0)
+---------------------------------------------------------------
| SPOT CHECK  op=1  elem=300   col=75  lane=0  cyc=277
|    x = bf67
|    sigmoid(x) = 3e8c   <- golden reference (hardware model)
|    DUT result = 3e8c   OK
+---------------------------------------------------------------
+---------------------------------------------------------------
| SPOT CHECK  op=1  elem=411   col=102  lane=3  cyc=304
|    x = 4072
|    sigmoid(x) = 3f7c   <- golden reference (hardware model)
|    DUT result = 3f7c   OK
+---------------------------------------------------------------
+---------------------------------------------------------------
| SPOT CHECK  op=1  elem=512   col=128  lane=0  cyc=330
|    x = c007
|    sigmoid(x) = 3df8   <- golden reference (hardware model)
|    DUT result = 3df8   OK
+---------------------------------------------------------------
  [r4_n64 ] op=1 progress: 128/192 columns received (cyc=330, mismatches so far=0)
+---------------------------------------------------------------
| SPOT CHECK  op=1  elem=655   col=163  lane=3  cyc=365
|    x = c054
|    sigmoid(x) = 3d2b   <- golden reference (hardware model)
|    DUT result = 3d2b   OK
+---------------------------------------------------------------
+---------------------------------------------------------------
| SPOT CHECK  op=1  elem=767   col=191  lane=3  cyc=393
|    x = bfc3
|    sigmoid(x) = 3e3c   <- golden reference (hardware model)
|    DUT result = 3e3c   OK
+---------------------------------------------------------------
[cycle 393] op 1 complete in 196 cycles (expected 196) MATCH   (first input @197, first output @202): 0 mismatches out of 768
Sigmoid (r=4,n=64) op1: functional check PASS (768/768 elements)

================================================
    TEST RESULT: PASS  (r=4, n=64)
================================================

