checking package dependencies
compiling ./BF16.bsv
compiling ./BF16Divider_pipeline.bsv
code generation for mkBF16Divider starts
Elaborated module file created: ppa/obj/mkBF16Divider.ba
compiling ./BF16Divider_SIMD.bsv
code generation for mkBF16Divider_SIMD starts
Elaborated module file created: ppa/obj/mkBF16Divider_SIMD.ba
compiling ./BF16Divider_SIMD_AblationPPA.bsv
code generation for mkDividerAblation_r1 starts
Elaborated module file created: ppa/obj/mkDividerAblation_r1.ba
code generation for mkDividerAblation_r2 starts
Elaborated module file created: ppa/obj/mkDividerAblation_r2.ba
code generation for mkDividerAblation_r3 starts
Elaborated module file created: ppa/obj/mkDividerAblation_r3.ba
code generation for mkDividerAblation_r4 starts
Elaborated module file created: ppa/obj/mkDividerAblation_r4.ba
code generation for mkDividerAblation_r6 starts
Elaborated module file created: ppa/obj/mkDividerAblation_r6.ba
code generation for mkDividerAblation_r12 starts
Elaborated module file created: ppa/obj/mkDividerAblation_r12.ba
code generation for mkDividerAblation_r8 starts
Elaborated module file created: ppa/obj/mkDividerAblation_r8.ba
code generation for mkDividerAblation_r16 starts
Elaborated module file created: ppa/obj/mkDividerAblation_r16.ba
compiling Tb_BF16Divider_SIMD_AblationPPA.bsv
code generation for mkTbDiv_r1_n64 starts
Elaborated module file created: ppa/obj/mkTbDiv_r1_n64.ba
code generation for mkTbDiv_r2_n64 starts
Elaborated module file created: ppa/obj/mkTbDiv_r2_n64.ba
code generation for mkTbDiv_r3_n64 starts
Elaborated module file created: ppa/obj/mkTbDiv_r3_n64.ba
code generation for mkTbDiv_r4_n64 starts
Elaborated module file created: ppa/obj/mkTbDiv_r4_n64.ba
code generation for mkTbDiv_r6_n64 starts
Elaborated module file created: ppa/obj/mkTbDiv_r6_n64.ba
code generation for mkTbDiv_r12_n64 starts
Elaborated module file created: ppa/obj/mkTbDiv_r12_n64.ba
code generation for mkTbDiv_r4_n16 starts
Elaborated module file created: ppa/obj/mkTbDiv_r4_n16.ba
code generation for mkTbDiv_r4_n32 starts
Elaborated module file created: ppa/obj/mkTbDiv_r4_n32.ba
code generation for mkTbDiv_r4_n96 starts
Elaborated module file created: ppa/obj/mkTbDiv_r4_n96.ba
code generation for mkTbDiv_r4_n192 starts
Elaborated module file created: ppa/obj/mkTbDiv_r4_n192.ba
code generation for mkTbDiv_r8_n32 starts
Elaborated module file created: ppa/obj/mkTbDiv_r8_n32.ba
code generation for mkTbDiv_r8_n96 starts
Elaborated module file created: ppa/obj/mkTbDiv_r8_n96.ba
code generation for mkTbDiv_r2_n128 starts
Elaborated module file created: ppa/obj/mkTbDiv_r2_n128.ba
code generation for mkTbDiv_r6_n128 starts
Elaborated module file created: ppa/obj/mkTbDiv_r6_n128.ba
code generation for mkTbDiv_r16_n48 starts
Elaborated module file created: ppa/obj/mkTbDiv_r16_n48.ba
All packages are up to date.
Bluesim object created: ppa/obj/mkTbDiv_r1_n64.{h,o}
Bluesim object created: ppa/obj/mkDividerAblation_r1.{h,o}
Bluesim object created: ppa/obj/mkBF16Divider_SIMD.{h,o}
Bluesim object created: ppa/obj/mkBF16Divider.{h,o}
Bluesim object created: ppa/obj/model_mkTbDiv_r1_n64.{h,o}
Simulation shared library created: ppa/sim_r1_n64.so
Simulation executable created: ppa/sim_r1_n64
