
################################################################
# CONFIG r1_n64  | r=1 lanes | n=64 (label only) | starting op 0
# op0: div8 (bit-exact/tolerance mix) golden tile, tiled mod 8, 768 columns x 1 lanes = 768 elements
# expected: 772 cycles for this op
################################################################
+---------------------------------------------------------------
| SPOT CHECK  op=0  elem=0   col=0  lane=0  cyc=5
|    a = 40c0     b = 4000
|    a / b      = 4040   <- golden reference
|    DUT result = 4040   OK
+---------------------------------------------------------------
+---------------------------------------------------------------
| SPOT CHECK  op=0  elem=13   col=13  lane=0  cyc=18
|    a = 0000     b = 40a0
|    a / b      = 0000   <- golden reference
|    DUT result = 0000   OK
+---------------------------------------------------------------
+---------------------------------------------------------------
| SPOT CHECK  op=0  elem=45   col=45  lane=0  cyc=50
|    a = 0000     b = 40a0
|    a / b      = 0000   <- golden reference
|    DUT result = 0000   OK
+---------------------------------------------------------------
+---------------------------------------------------------------
| SPOT CHECK  op=0  elem=63   col=63  lane=0  cyc=68
|    a = 42c8     b = 4080
|    a / b      = 41c8   <- golden reference
|    DUT result = 41c8   OK
+---------------------------------------------------------------
+---------------------------------------------------------------
| SPOT CHECK  op=0  elem=64   col=64  lane=0  cyc=69
|    a = 40c0     b = 4000
|    a / b      = 4040   <- golden reference
|    DUT result = 4040   OK
+---------------------------------------------------------------
  [r1_n64 ] op=0 progress: 64/768 columns received (cyc=69, mismatches so far=0)
  [r1_n64 ] op=0 progress: 128/768 columns received (cyc=133, mismatches so far=0)
+---------------------------------------------------------------
| SPOT CHECK  op=0  elem=130   col=130  lane=0  cyc=135
|    a = c0c0     b = 4000
|    a / b      = c040   <- golden reference
|    DUT result = c040   OK
+---------------------------------------------------------------
  [r1_n64 ] op=0 progress: 192/768 columns received (cyc=197, mismatches so far=0)
+---------------------------------------------------------------
| SPOT CHECK  op=0  elem=209   col=209  lane=0  cyc=214
|    a = 4110     b = 4040
|    a / b      = 4041   <- golden reference
|    DUT result = 4041   OK
+---------------------------------------------------------------
  [r1_n64 ] op=0 progress: 256/768 columns received (cyc=261, mismatches so far=0)
+---------------------------------------------------------------
| SPOT CHECK  op=0  elem=300   col=300  lane=0  cyc=305
|    a = c0c0     b = c000
|    a / b      = 4040   <- golden reference
|    DUT result = 4040   OK
+---------------------------------------------------------------
  [r1_n64 ] op=0 progress: 320/768 columns received (cyc=325, mismatches so far=0)
  [r1_n64 ] op=0 progress: 384/768 columns received (cyc=389, mismatches so far=0)
+---------------------------------------------------------------
| SPOT CHECK  op=0  elem=411   col=411  lane=0  cyc=416
|    a = 40c0     b = c000
|    a / b      = c040   <- golden reference
|    DUT result = c040   OK
+---------------------------------------------------------------
  [r1_n64 ] op=0 progress: 448/768 columns received (cyc=453, mismatches so far=0)
+---------------------------------------------------------------
| SPOT CHECK  op=0  elem=512   col=512  lane=0  cyc=517
|    a = 40c0     b = 4000
|    a / b      = 4040   <- golden reference
|    DUT result = 4040   OK
+---------------------------------------------------------------
  [r1_n64 ] op=0 progress: 512/768 columns received (cyc=517, mismatches so far=0)
  [r1_n64 ] op=0 progress: 576/768 columns received (cyc=581, mismatches so far=0)
  [r1_n64 ] op=0 progress: 640/768 columns received (cyc=645, mismatches so far=0)
+---------------------------------------------------------------
| SPOT CHECK  op=0  elem=655   col=655  lane=0  cyc=660
|    a = 42c8     b = 4080
|    a / b      = 41c8   <- golden reference
|    DUT result = 41c8   OK
+---------------------------------------------------------------
  [r1_n64 ] op=0 progress: 704/768 columns received (cyc=709, mismatches so far=0)
+---------------------------------------------------------------
| SPOT CHECK  op=0  elem=767   col=767  lane=0  cyc=772
|    a = 42c8     b = 4080
|    a / b      = 41c8   <- golden reference
|    DUT result = 41c8   OK
+---------------------------------------------------------------
[cycle 772] op 0 complete in 772 cycles (expected 772) MATCH   (first input @0, first output @5): 0 mismatches out of 768
SIMD divider (r=1,n=64) op0: functional check PASS (768/768 elements)

################################################################
# CONFIG r1_n64  | r=1 lanes | n=64 (label only) | starting op 1
# op1: div32 (tolerance) golden tile, tiled mod 32, 768 columns x 1 lanes = 768 elements
# expected: 772 cycles for this op
################################################################
+---------------------------------------------------------------
| SPOT CHECK  op=1  elem=0   col=0  lane=0  cyc=778
|    a = c038     b = c10f
|    a / b      = 3ea6   <- golden reference
|    DUT result = 3ea6   OK
+---------------------------------------------------------------
+---------------------------------------------------------------
| SPOT CHECK  op=1  elem=13   col=13  lane=0  cyc=791
|    a = c03a     b = c0dd
|    a / b      = 3eda   <- golden reference
|    DUT result = 3eda   OK
+---------------------------------------------------------------
+---------------------------------------------------------------
| SPOT CHECK  op=1  elem=45   col=45  lane=0  cyc=823
|    a = c03a     b = c0dd
|    a / b      = 3eda   <- golden reference
|    DUT result = 3eda   OK
+---------------------------------------------------------------
+---------------------------------------------------------------
| SPOT CHECK  op=1  elem=63   col=63  lane=0  cyc=841
|    a = 40fd     b = c08c
|    a / b      = bfea   <- golden reference
|    DUT result = bfea   OK
+---------------------------------------------------------------
+---------------------------------------------------------------
| SPOT CHECK  op=1  elem=64   col=64  lane=0  cyc=842
|    a = c038     b = c10f
|    a / b      = 3ea6   <- golden reference
|    DUT result = 3ea6   OK
+---------------------------------------------------------------
  [r1_n64 ] op=1 progress: 64/768 columns received (cyc=842, mismatches so far=0)
  [r1_n64 ] op=1 progress: 128/768 columns received (cyc=906, mismatches so far=0)
+---------------------------------------------------------------
| SPOT CHECK  op=1  elem=130   col=130  lane=0  cyc=908
|    a = 40f9     b = c0ee
|    a / b      = bf87   <- golden reference
|    DUT result = bf87   OK
+---------------------------------------------------------------
  [r1_n64 ] op=1 progress: 192/768 columns received (cyc=970, mismatches so far=0)
+---------------------------------------------------------------
| SPOT CHECK  op=1  elem=209   col=209  lane=0  cyc=987
|    a = 404a     b = 4164
|    a / b      = 3e64   <- golden reference
|    DUT result = 3e64   OK
+---------------------------------------------------------------
  [r1_n64 ] op=1 progress: 256/768 columns received (cyc=1034, mismatches so far=0)
+---------------------------------------------------------------
| SPOT CHECK  op=1  elem=300   col=300  lane=0  cyc=1078
|    a = 4103     b = bf6d
|    a / b      = c10f   <- golden reference
|    DUT result = c10f   OK
+---------------------------------------------------------------
  [r1_n64 ] op=1 progress: 320/768 columns received (cyc=1098, mismatches so far=0)
  [r1_n64 ] op=1 progress: 384/768 columns received (cyc=1162, mismatches so far=0)
+---------------------------------------------------------------
| SPOT CHECK  op=1  elem=411   col=411  lane=0  cyc=1189
|    a = c0a3     b = 3f33
|    a / b      = c0ec   <- golden reference
|    DUT result = c0ec   OK
+---------------------------------------------------------------
  [r1_n64 ] op=1 progress: 448/768 columns received (cyc=1226, mismatches so far=0)
+---------------------------------------------------------------
| SPOT CHECK  op=1  elem=512   col=512  lane=0  cyc=1290
|    a = c038     b = c10f
|    a / b      = 3ea6   <- golden reference
|    DUT result = 3ea6   OK
+---------------------------------------------------------------
  [r1_n64 ] op=1 progress: 512/768 columns received (cyc=1290, mismatches so far=0)
  [r1_n64 ] op=1 progress: 576/768 columns received (cyc=1354, mismatches so far=0)
  [r1_n64 ] op=1 progress: 640/768 columns received (cyc=1418, mismatches so far=0)
+---------------------------------------------------------------
| SPOT CHECK  op=1  elem=655   col=655  lane=0  cyc=1433
|    a = 416a     b = 3f83
|    a / b      = 4167   <- golden reference
|    DUT result = 4167   OK
+---------------------------------------------------------------
  [r1_n64 ] op=1 progress: 704/768 columns received (cyc=1482, mismatches so far=0)
+---------------------------------------------------------------
| SPOT CHECK  op=1  elem=767   col=767  lane=0  cyc=1545
|    a = 40fd     b = c08c
|    a / b      = bfea   <- golden reference
|    DUT result = bfea   OK
+---------------------------------------------------------------
[cycle 1545] op 1 complete in 772 cycles (expected 772) MATCH   (first input @773, first output @778): 0 mismatches out of 768
SIMD divider (r=1,n=64) op1: functional check PASS (768/768 elements)

================================================
    TEST RESULT: PASS  (r=1, n=64)
================================================

