
################################################################
# CONFIG r8_n32  | r=8 lanes | n=32 (label only) | starting op 0
# op0: div8 (bit-exact/tolerance mix) golden tile, tiled mod 8, 96 columns x 8 lanes = 768 elements
# expected: 100 cycles for this op
################################################################
+---------------------------------------------------------------
| SPOT CHECK  op=0  elem=0   col=0  lane=0  cyc=5
|    a = 40c0     b = 4000
|    a / b      = 4040   <- golden reference
|    DUT result = 4040   OK
+---------------------------------------------------------------
+---------------------------------------------------------------
| SPOT CHECK  op=0  elem=13   col=1  lane=5  cyc=6
|    a = 0000     b = 40a0
|    a / b      = 0000   <- golden reference
|    DUT result = 0000   OK
+---------------------------------------------------------------
+---------------------------------------------------------------
| SPOT CHECK  op=0  elem=45   col=5  lane=5  cyc=10
|    a = 0000     b = 40a0
|    a / b      = 0000   <- golden reference
|    DUT result = 0000   OK
+---------------------------------------------------------------
+---------------------------------------------------------------
| SPOT CHECK  op=0  elem=63   col=7  lane=7  cyc=12
|    a = 42c8     b = 4080
|    a / b      = 41c8   <- golden reference
|    DUT result = 41c8   OK
+---------------------------------------------------------------
+---------------------------------------------------------------
| SPOT CHECK  op=0  elem=64   col=8  lane=0  cyc=13
|    a = 40c0     b = 4000
|    a / b      = 4040   <- golden reference
|    DUT result = 4040   OK
+---------------------------------------------------------------
+---------------------------------------------------------------
| SPOT CHECK  op=0  elem=130   col=16  lane=2  cyc=21
|    a = c0c0     b = 4000
|    a / b      = c040   <- golden reference
|    DUT result = c040   OK
+---------------------------------------------------------------
+---------------------------------------------------------------
| SPOT CHECK  op=0  elem=209   col=26  lane=1  cyc=31
|    a = 4110     b = 4040
|    a / b      = 4041   <- golden reference
|    DUT result = 4041   OK
+---------------------------------------------------------------
+---------------------------------------------------------------
| SPOT CHECK  op=0  elem=300   col=37  lane=4  cyc=42
|    a = c0c0     b = c000
|    a / b      = 4040   <- golden reference
|    DUT result = 4040   OK
+---------------------------------------------------------------
+---------------------------------------------------------------
| SPOT CHECK  op=0  elem=411   col=51  lane=3  cyc=56
|    a = 40c0     b = c000
|    a / b      = c040   <- golden reference
|    DUT result = c040   OK
+---------------------------------------------------------------
+---------------------------------------------------------------
| SPOT CHECK  op=0  elem=512   col=64  lane=0  cyc=69
|    a = 40c0     b = 4000
|    a / b      = 4040   <- golden reference
|    DUT result = 4040   OK
+---------------------------------------------------------------
  [r8_n32 ] op=0 progress: 64/96 columns received (cyc=69, mismatches so far=0)
+---------------------------------------------------------------
| SPOT CHECK  op=0  elem=655   col=81  lane=7  cyc=86
|    a = 42c8     b = 4080
|    a / b      = 41c8   <- golden reference
|    DUT result = 41c8   OK
+---------------------------------------------------------------
+---------------------------------------------------------------
| SPOT CHECK  op=0  elem=767   col=95  lane=7  cyc=100
|    a = 42c8     b = 4080
|    a / b      = 41c8   <- golden reference
|    DUT result = 41c8   OK
+---------------------------------------------------------------
[cycle 100] op 0 complete in 100 cycles (expected 100) MATCH   (first input @0, first output @5): 0 mismatches out of 768
SIMD divider (r=8,n=32) op0: functional check PASS (768/768 elements)

################################################################
# CONFIG r8_n32  | r=8 lanes | n=32 (label only) | starting op 1
# op1: div32 (tolerance) golden tile, tiled mod 32, 96 columns x 8 lanes = 768 elements
# expected: 100 cycles for this op
################################################################
+---------------------------------------------------------------
| SPOT CHECK  op=1  elem=0   col=0  lane=0  cyc=106
|    a = c038     b = c10f
|    a / b      = 3ea6   <- golden reference
|    DUT result = 3ea6   OK
+---------------------------------------------------------------
+---------------------------------------------------------------
| SPOT CHECK  op=1  elem=13   col=1  lane=5  cyc=107
|    a = c03a     b = c0dd
|    a / b      = 3eda   <- golden reference
|    DUT result = 3eda   OK
+---------------------------------------------------------------
+---------------------------------------------------------------
| SPOT CHECK  op=1  elem=45   col=5  lane=5  cyc=111
|    a = c03a     b = c0dd
|    a / b      = 3eda   <- golden reference
|    DUT result = 3eda   OK
+---------------------------------------------------------------
+---------------------------------------------------------------
| SPOT CHECK  op=1  elem=63   col=7  lane=7  cyc=113
|    a = 40fd     b = c08c
|    a / b      = bfea   <- golden reference
|    DUT result = bfea   OK
+---------------------------------------------------------------
+---------------------------------------------------------------
| SPOT CHECK  op=1  elem=64   col=8  lane=0  cyc=114
|    a = c038     b = c10f
|    a / b      = 3ea6   <- golden reference
|    DUT result = 3ea6   OK
+---------------------------------------------------------------
+---------------------------------------------------------------
| SPOT CHECK  op=1  elem=130   col=16  lane=2  cyc=122
|    a = 40f9     b = c0ee
|    a / b      = bf87   <- golden reference
|    DUT result = bf87   OK
+---------------------------------------------------------------
+---------------------------------------------------------------
| SPOT CHECK  op=1  elem=209   col=26  lane=1  cyc=132
|    a = 404a     b = 4164
|    a / b      = 3e64   <- golden reference
|    DUT result = 3e64   OK
+---------------------------------------------------------------
+---------------------------------------------------------------
| SPOT CHECK  op=1  elem=300   col=37  lane=4  cyc=143
|    a = 4103     b = bf6d
|    a / b      = c10f   <- golden reference
|    DUT result = c10f   OK
+---------------------------------------------------------------
+---------------------------------------------------------------
| SPOT CHECK  op=1  elem=411   col=51  lane=3  cyc=157
|    a = c0a3     b = 3f33
|    a / b      = c0ec   <- golden reference
|    DUT result = c0ec   OK
+---------------------------------------------------------------
+---------------------------------------------------------------
| SPOT CHECK  op=1  elem=512   col=64  lane=0  cyc=170
|    a = c038     b = c10f
|    a / b      = 3ea6   <- golden reference
|    DUT result = 3ea6   OK
+---------------------------------------------------------------
  [r8_n32 ] op=1 progress: 64/96 columns received (cyc=170, mismatches so far=0)
+---------------------------------------------------------------
| SPOT CHECK  op=1  elem=655   col=81  lane=7  cyc=187
|    a = 416a     b = 3f83
|    a / b      = 4167   <- golden reference
|    DUT result = 4167   OK
+---------------------------------------------------------------
+---------------------------------------------------------------
| SPOT CHECK  op=1  elem=767   col=95  lane=7  cyc=201
|    a = 40fd     b = c08c
|    a / b      = bfea   <- golden reference
|    DUT result = bfea   OK
+---------------------------------------------------------------
[cycle 201] op 1 complete in 100 cycles (expected 100) MATCH   (first input @101, first output @106): 0 mismatches out of 768
SIMD divider (r=8,n=32) op1: functional check PASS (768/768 elements)

================================================
    TEST RESULT: PASS  (r=8, n=32)
================================================

