############################################################
# CONFIG r16_n48  |  r=16 lanes (2 mul + 1 add each)  |  n=48 (label only)
# streaming 48 columns x 16 lanes = 768 elements of a*b + c*d
# operands: 64-value tile reused 12x; rotations a+0 b+17 c+34 d+51
# expected: 52 cycles, first result at cycle 4
############################################################
+---------------------------------------------------------------
| SPOT CHECK  elem=0  (tile idx 0)   col=0  lane=0  cyc=4
|    a = 441a     b = 4320
|    c = c415     d = 42b7
|    a*b       = 47c0
|    c*d       = c755
|    a*b + c*d = 472c   <- reference
|    DUT result= 472c   OK
+---------------------------------------------------------------
+---------------------------------------------------------------
| SPOT CHECK  elem=13  (tile idx 13)   col=0  lane=13  cyc=4
|    a = 4207     b = 443a
|    c = c3fe     d = 441a
|    a*b       = 46c4
|    c*d       = c898
|    a*b + c*d = c88c   <- reference
|    DUT result= c88c   OK
+---------------------------------------------------------------
+---------------------------------------------------------------
| SPOT CHECK  elem=45  (tile idx 45)   col=2  lane=13  cyc=6
|    a = 4447     b = c478
|    c = c293     d = 43a8
|    a*b       = c940
|    c*d       = c6c0
|    a*b + c*d = c946   <- reference
|    DUT result= c946   OK
+---------------------------------------------------------------
+---------------------------------------------------------------
| SPOT CHECK  elem=63  (tile idx 63)   col=3  lane=15  cyc=7
|    a = c330     b = 442e
|    c = 4321     d = 43ca
|    a*b       = c7ef
|    c*d       = 477e
|    a*b + c*d = c760   <- reference
|    DUT result= c760   OK
+---------------------------------------------------------------
+---------------------------------------------------------------
| SPOT CHECK  elem=64  (tile idx 0)   col=4  lane=0  cyc=8
|    a = 441a     b = 4320
|    c = c415     d = 42b7
|    a*b       = 47c0
|    c*d       = c755
|    a*b + c*d = 472c   <- reference
|    DUT result= 472c   OK
+---------------------------------------------------------------
+---------------------------------------------------------------
| SPOT CHECK  elem=130  (tile idx 2)   col=8  lane=2  cyc=12
|    a = c437     b = c2ec
|    c = 444e     d = 444e
|    a*b       = 47a8
|    c*d       = 4925
|    a*b + c*d = 493a   <- reference
|    DUT result= 493a   OK
+---------------------------------------------------------------
+---------------------------------------------------------------
| SPOT CHECK  elem=209  (tile idx 17)   col=13  lane=1  cyc=17
|    a = 4320     b = c415
|    c = 42b7     d = c41e
|    a*b       = c7ba
|    c*d       = c761
|    a*b + c*d = c815   <- reference
|    DUT result= c815   OK
+---------------------------------------------------------------
+---------------------------------------------------------------
| SPOT CHECK  elem=300  (tile idx 44)   col=18  lane=12  cyc=22
|    a = c40d     b = c3e9
|    c = c3d0     d = 43dd
|    a*b       = 4880
|    c*d       = c833
|    a*b + c*d = 479c   <- reference
|    DUT result= 479c   OK
+---------------------------------------------------------------
+---------------------------------------------------------------
| SPOT CHECK  elem=411  (tile idx 27)   col=25  lane=11  cyc=29
|    a = c435     b = c40d
|    c = c3e9     d = c3d0
|    a*b       = 48c7
|    c*d       = 483d
|    a*b + c*d = 4912   <- reference
|    DUT result= 4912   OK
+---------------------------------------------------------------
+---------------------------------------------------------------
| SPOT CHECK  elem=512  (tile idx 0)   col=32  lane=0  cyc=36
|    a = 441a     b = 4320
|    c = c415     d = 42b7
|    a*b       = 47c0
|    c*d       = c755
|    a*b + c*d = 472c   <- reference
|    DUT result= 472c   OK
+---------------------------------------------------------------
+---------------------------------------------------------------
| SPOT CHECK  elem=655  (tile idx 15)   col=40  lane=15  cyc=44
|    a = c293     b = 43a8
|    c = 42fa     d = c437
|    a*b       = c6c0
|    c*d       = c7b2
|    a*b + c*d = c7e2   <- reference
|    DUT result= c7e2   OK
+---------------------------------------------------------------
+---------------------------------------------------------------
| SPOT CHECK  elem=767  (tile idx 63)   col=47  lane=15  cyc=51
|    a = c330     b = 442e
|    c = 4321     d = 43ca
|    a*b       = c7ef
|    c*d       = 477e
|    a*b + c*d = c760   <- reference
|    DUT result= c760   OK
+---------------------------------------------------------------
r16_n48 | r=16 n=48 | cols=48 | cycles=52 (expected 52) MATCH   | first_out=4 | checked=768 errors=0 PASS
