############################################################
# CONFIG r1_n64   |  r=1 lanes (2 mul + 1 add each)  |  n=64 (label only)
# streaming 768 columns x 1 lanes = 768 elements of a*b + c*d
# operands: 64-value tile reused 12x; rotations a+0 b+17 c+34 d+51
# expected: 772 cycles, first result at cycle 4
############################################################
+---------------------------------------------------------------
| SPOT CHECK  elem=0  (tile idx 0)   col=0  lane=0  cyc=4
|    a = 441a     b = 4320
|    c = c415     d = 42b7
|    a*b       = 47c0
|    c*d       = c755
|    a*b + c*d = 472c   <- reference
|    DUT result= 472c   OK
+---------------------------------------------------------------
+---------------------------------------------------------------
| SPOT CHECK  elem=13  (tile idx 13)   col=13  lane=0  cyc=17
|    a = 4207     b = 443a
|    c = c3fe     d = 441a
|    a*b       = 46c4
|    c*d       = c898
|    a*b + c*d = c88c   <- reference
|    DUT result= c88c   OK
+---------------------------------------------------------------
+---------------------------------------------------------------
| SPOT CHECK  elem=45  (tile idx 45)   col=45  lane=0  cyc=49
|    a = 4447     b = c478
|    c = c293     d = 43a8
|    a*b       = c940
|    c*d       = c6c0
|    a*b + c*d = c946   <- reference
|    DUT result= c946   OK
+---------------------------------------------------------------
+---------------------------------------------------------------
| SPOT CHECK  elem=63  (tile idx 63)   col=63  lane=0  cyc=67
|    a = c330     b = 442e
|    c = 4321     d = 43ca
|    a*b       = c7ef
|    c*d       = 477e
|    a*b + c*d = c760   <- reference
|    DUT result= c760   OK
+---------------------------------------------------------------
+---------------------------------------------------------------
| SPOT CHECK  elem=64  (tile idx 0)   col=64  lane=0  cyc=68
|    a = 441a     b = 4320
|    c = c415     d = 42b7
|    a*b       = 47c0
|    c*d       = c755
|    a*b + c*d = 472c   <- reference
|    DUT result= 472c   OK
+---------------------------------------------------------------
+---------------------------------------------------------------
| SPOT CHECK  elem=130  (tile idx 2)   col=130  lane=0  cyc=134
|    a = c437     b = c2ec
|    c = 444e     d = 444e
|    a*b       = 47a8
|    c*d       = 4925
|    a*b + c*d = 493a   <- reference
|    DUT result= 493a   OK
+---------------------------------------------------------------
+---------------------------------------------------------------
| SPOT CHECK  elem=209  (tile idx 17)   col=209  lane=0  cyc=213
|    a = 4320     b = c415
|    c = 42b7     d = c41e
|    a*b       = c7ba
|    c*d       = c761
|    a*b + c*d = c815   <- reference
|    DUT result= c815   OK
+---------------------------------------------------------------
+---------------------------------------------------------------
| SPOT CHECK  elem=300  (tile idx 44)   col=300  lane=0  cyc=304
|    a = c40d     b = c3e9
|    c = c3d0     d = 43dd
|    a*b       = 4880
|    c*d       = c833
|    a*b + c*d = 479c   <- reference
|    DUT result= 479c   OK
+---------------------------------------------------------------
+---------------------------------------------------------------
| SPOT CHECK  elem=411  (tile idx 27)   col=411  lane=0  cyc=415
|    a = c435     b = c40d
|    c = c3e9     d = c3d0
|    a*b       = 48c7
|    c*d       = 483d
|    a*b + c*d = 4912   <- reference
|    DUT result= 4912   OK
+---------------------------------------------------------------
+---------------------------------------------------------------
| SPOT CHECK  elem=512  (tile idx 0)   col=512  lane=0  cyc=516
|    a = 441a     b = 4320
|    c = c415     d = 42b7
|    a*b       = 47c0
|    c*d       = c755
|    a*b + c*d = 472c   <- reference
|    DUT result= 472c   OK
+---------------------------------------------------------------
+---------------------------------------------------------------
| SPOT CHECK  elem=655  (tile idx 15)   col=655  lane=0  cyc=659
|    a = c293     b = 43a8
|    c = 42fa     d = c437
|    a*b       = c6c0
|    c*d       = c7b2
|    a*b + c*d = c7e2   <- reference
|    DUT result= c7e2   OK
+---------------------------------------------------------------
+---------------------------------------------------------------
| SPOT CHECK  elem=767  (tile idx 63)   col=767  lane=0  cyc=771
|    a = c330     b = 442e
|    c = 4321     d = 43ca
|    a*b       = c7ef
|    c*d       = 477e
|    a*b + c*d = c760   <- reference
|    DUT result= c760   OK
+---------------------------------------------------------------
r1_n64  | r=1 n=64 | cols=768 | cycles=772 (expected 772) MATCH   | first_out=4 | checked=768 errors=0 PASS
