
################################################################
# CONFIG r16_n48 | r=16 lanes | n=48 (label only) | starting op 0
# op0: max16 (hand-picked, all 3 sign branches) golden tile, tiled mod 16, 48 columns x 16 lanes = 768 elements
# expected: 47 cycles for this op (zero-latency: same-cycle result)
################################################################
+---------------------------------------------------------------
| SPOT CHECK  op=0  elem=0   col=0  lane=0  cyc=0
|    a = 4040     b = 4000
|    max(a,b)   = 4040   <- golden reference
|    DUT result = 4040   OK
+---------------------------------------------------------------
+---------------------------------------------------------------
| SPOT CHECK  op=0  elem=13   col=0  lane=13  cyc=0
|    a = c100     b = c108
|    max(a,b)   = c100   <- golden reference
|    DUT result = c100   OK
+---------------------------------------------------------------
+---------------------------------------------------------------
| SPOT CHECK  op=0  elem=45   col=2  lane=13  cyc=2
|    a = c100     b = c108
|    max(a,b)   = c100   <- golden reference
|    DUT result = c100   OK
+---------------------------------------------------------------
+---------------------------------------------------------------
| SPOT CHECK  op=0  elem=63   col=3  lane=15  cyc=3
|    a = c060     b = c040
|    max(a,b)   = c040   <- golden reference
|    DUT result = c040   OK
+---------------------------------------------------------------
+---------------------------------------------------------------
| SPOT CHECK  op=0  elem=64   col=4  lane=0  cyc=4
|    a = 4040     b = 4000
|    max(a,b)   = 4040   <- golden reference
|    DUT result = 4040   OK
+---------------------------------------------------------------
+---------------------------------------------------------------
| SPOT CHECK  op=0  elem=130   col=8  lane=2  cyc=8
|    a = bf80     b = c000
|    max(a,b)   = bf80   <- golden reference
|    DUT result = bf80   OK
+---------------------------------------------------------------
+---------------------------------------------------------------
| SPOT CHECK  op=0  elem=209   col=13  lane=1  cyc=13
|    a = 3fc0     b = 4080
|    max(a,b)   = 4080   <- golden reference
|    DUT result = 4080   OK
+---------------------------------------------------------------
+---------------------------------------------------------------
| SPOT CHECK  op=0  elem=300   col=18  lane=12  cyc=18
|    a = 3e00     b = be00
|    max(a,b)   = 3e00   <- golden reference
|    DUT result = 3e00   OK
+---------------------------------------------------------------
+---------------------------------------------------------------
| SPOT CHECK  op=0  elem=411   col=25  lane=11  cyc=25
|    a = c120     b = 4120
|    max(a,b)   = 4120   <- golden reference
|    DUT result = 4120   OK
+---------------------------------------------------------------
+---------------------------------------------------------------
| SPOT CHECK  op=0  elem=512   col=32  lane=0  cyc=32
|    a = 4040     b = 4000
|    max(a,b)   = 4040   <- golden reference
|    DUT result = 4040   OK
+---------------------------------------------------------------
+---------------------------------------------------------------
| SPOT CHECK  op=0  elem=655   col=40  lane=15  cyc=40
|    a = c060     b = c040
|    max(a,b)   = c040   <- golden reference
|    DUT result = c040   OK
+---------------------------------------------------------------
+---------------------------------------------------------------
| SPOT CHECK  op=0  elem=767   col=47  lane=15  cyc=47
|    a = c060     b = c040
|    max(a,b)   = c040   <- golden reference
|    DUT result = c040   OK
+---------------------------------------------------------------
[cycle 47] op 0 complete in 47 cycles (expected 47) MATCH  : 0 mismatches out of 768
Max (r=16,n=48) op0: functional check PASS (768/768 elements bit-exact)

################################################################
# CONFIG r16_n48 | r=16 lanes | n=48 (label only) | starting op 1
# op1: max32 (lane-order coverage) golden tile, tiled mod 32, 48 columns x 16 lanes = 768 elements
# expected: 47 cycles for this op (zero-latency: same-cycle result)
################################################################
+---------------------------------------------------------------
| SPOT CHECK  op=1  elem=0   col=0  lane=0  cyc=48
|    a = 4040     b = 4000
|    max(a,b)   = 4040   <- golden reference
|    DUT result = 4040   OK
+---------------------------------------------------------------
+---------------------------------------------------------------
| SPOT CHECK  op=1  elem=13   col=0  lane=13  cyc=48
|    a = c100     b = c108
|    max(a,b)   = c100   <- golden reference
|    DUT result = c100   OK
+---------------------------------------------------------------
+---------------------------------------------------------------
| SPOT CHECK  op=1  elem=45   col=2  lane=13  cyc=50
|    a = c100     b = c108
|    max(a,b)   = c100   <- golden reference
|    DUT result = c100   OK
+---------------------------------------------------------------
+---------------------------------------------------------------
| SPOT CHECK  op=1  elem=63   col=3  lane=15  cyc=51
|    a = c61c     b = c61c
|    max(a,b)   = c61c   <- golden reference
|    DUT result = c61c   OK
+---------------------------------------------------------------
+---------------------------------------------------------------
| SPOT CHECK  op=1  elem=64   col=4  lane=0  cyc=52
|    a = 4040     b = 4000
|    max(a,b)   = 4040   <- golden reference
|    DUT result = 4040   OK
+---------------------------------------------------------------
+---------------------------------------------------------------
| SPOT CHECK  op=1  elem=130   col=8  lane=2  cyc=56
|    a = bf80     b = c000
|    max(a,b)   = bf80   <- golden reference
|    DUT result = bf80   OK
+---------------------------------------------------------------
+---------------------------------------------------------------
| SPOT CHECK  op=1  elem=209   col=13  lane=1  cyc=61
|    a = c2c8     b = c2c6
|    max(a,b)   = c2c6   <- golden reference
|    DUT result = c2c6   OK
+---------------------------------------------------------------
+---------------------------------------------------------------
| SPOT CHECK  op=1  elem=300   col=18  lane=12  cyc=66
|    a = 3e00     b = be00
|    max(a,b)   = 3e00   <- golden reference
|    DUT result = 3e00   OK
+---------------------------------------------------------------
+---------------------------------------------------------------
| SPOT CHECK  op=1  elem=411   col=25  lane=11  cyc=73
|    a = 8000     b = 0000
|    max(a,b)   = 0000   <- golden reference
|    DUT result = 0000   OK
+---------------------------------------------------------------
+---------------------------------------------------------------
| SPOT CHECK  op=1  elem=512   col=32  lane=0  cyc=80
|    a = 4040     b = 4000
|    max(a,b)   = 4040   <- golden reference
|    DUT result = 4040   OK
+---------------------------------------------------------------
+---------------------------------------------------------------
| SPOT CHECK  op=1  elem=655   col=40  lane=15  cyc=88
|    a = c060     b = c040
|    max(a,b)   = c040   <- golden reference
|    DUT result = c040   OK
+---------------------------------------------------------------
+---------------------------------------------------------------
| SPOT CHECK  op=1  elem=767   col=47  lane=15  cyc=95
|    a = c61c     b = c61c
|    max(a,b)   = c61c   <- golden reference
|    DUT result = c61c   OK
+---------------------------------------------------------------
[cycle 95] op 1 complete in 47 cycles (expected 47) MATCH  : 0 mismatches out of 768
Max (r=16,n=48) op1: functional check PASS (768/768 elements bit-exact)

================================================
    TEST RESULT: PASS  (r=16, n=48)
================================================

